// Jest Snapshot v1, https://goo.gl/fbAQLP

exports[`<TodoListView /> should render view 1`] = `
<div
  data-testid="todo-list-view"
>
  <h1>
    Todo List View
  </h1>
  <input
    data-testid="todo-input"
    type="text"
  />
  <button
    data-testid="submit-button"
  >
    Submit
  </button>
  <div
    data-testid="todo-list"
  />
</div>
`;
